88 INFO: PyInstaller: 6.22.2, contrib hooks: 2026.7
89 INFO: Python: 3.14.5
109 INFO: Platform: Windows-11-10.0.26200-SP0
109 INFO: Python environment: E:\esp32\chip-nest\backend\.venv
110 INFO: wrote E:\esp32\chip-nest\backend\chipnest-backend.spec
876 INFO: Module search paths (PYTHONPATH):
['E:\\esp32\\chip-nest\\backend\\.venv\\Scripts\\pyinstaller.exe',
 'C:\\Users\\ASUS\\AppData\\Local\\Programs\\Python\\Python314\\python314.zip',
 'C:\\Users\\ASUS\\AppData\\Local\\Programs\\Python\\Python314\\DLLs',
 'C:\\Users\\ASUS\\AppData\\Local\\Programs\\Python\\Python314\\Lib',
 'C:\\Users\\ASUS\\AppData\\Local\\Programs\\Python\\Python314',
 'E:\\esp32\\chip-nest\\backend\\.venv',
 'E:\\esp32\\chip-nest\\backend\\.venv\\Lib\\site-packages',
 'E:\\esp32\\chip-nest\\backend']
1285 INFO: Appending 'datas' from .spec
1287 INFO: checking Analysis
1287 INFO: Building Analysis because Analysis-00.toc is non existent
1287 INFO: Looking for Python shared library...
1287 INFO: Using Python shared library: C:\Users\ASUS\AppData\Local\Programs\Python\Python314\python314.dll
1287 INFO: Running Analysis Analysis-00.toc
1287 INFO: Target bytecode optimization level: 0
1287 INFO: Initializing module dependency graph...
1288 INFO: Initializing module graph hook caches...
1297 INFO: Analyzing modules for base_library.zip ...
2429 INFO: Processing standard module hook 'hook-encodings.py' from 'E:\\esp32\\chip-nest\\backend\\.venv\\Lib\\site-packages\\PyInstaller\\hooks'
2802 INFO: Processing standard module hook 'hook-pickle.py' from 'E:\\esp32\\chip-nest\\backend\\.venv\\Lib\\site-packages\\PyInstaller\\hooks'
2989 INFO: Processing standard module hook 'hook-math.py' from 'E:\\esp32\\chip-nest\\backend\\.venv\\Lib\\site-packages\\PyInstaller\\hooks'
3137 INFO: Processing standard module hook 'hook-difflib.py' from 'E:\\esp32\\chip-nest\\backend\\.venv\\Lib\\site-packages\\PyInstaller\\hooks'
3147 INFO: Processing standard module hook 'hook-heapq.py' from 'E:\\esp32\\chip-nest\\backend\\.venv\\Lib\\site-packages\\PyInstaller\\hooks'
5106 INFO: Caching module dependency graph...
5128 INFO: Analyzing E:\esp32\chip-nest\backend\run_desktop.py
5130 INFO: Processing standard module hook 'hook-uvicorn.py' from 'E:\\esp32\\chip-nest\\backend\\.venv\\Lib\\site-packages\\_pyinstaller_hooks_contrib\\stdhooks'
5536 INFO: Processing standard module hook 'hook-multiprocessing.util.py' from 'E:\\esp32\\chip-nest\\backend\\.venv\\Lib\\site-packages\\PyInstaller\\hooks'
5621 INFO: Processing standard module hook 'hook-xml.py' from 'E:\\esp32\\chip-nest\\backend\\.venv\\Lib\\site-packages\\PyInstaller\\hooks'
5837 INFO: Processing standard module hook 'hook-sysconfig.py' from 'E:\\esp32\\chip-nest\\backend\\.venv\\Lib\\site-packages\\PyInstaller\\hooks'
5840 INFO: Processing standard module hook 'hook-_ctypes.py' from 'E:\\esp32\\chip-nest\\backend\\.venv\\Lib\\site-packages\\PyInstaller\\hooks'
6296 INFO: Processing pre-safe-import-module hook 'hook-typing_extensions.py' from 'E:\\esp32\\chip-nest\\backend\\.venv\\Lib\\site-packages\\PyInstaller\\hooks\\pre_safe_import_module'
6297 INFO: SetuptoolsInfo: initializing cached setuptools info...
6968 INFO: Processing standard module hook 'hook-platform.py' from 'E:\\esp32\\chip-nest\\backend\\.venv\\Lib\\site-packages\\PyInstaller\\hooks'
7268 INFO: Processing standard module hook 'hook-webbrowser.py' from 'E:\\esp32\\chip-nest\\backend\\.venv\\Lib\\site-packages\\PyInstaller\\hooks'
7434 INFO: Processing standard module hook 'hook-websockets.py' from 'E:\\esp32\\chip-nest\\backend\\.venv\\Lib\\site-packages\\_pyinstaller_hooks_contrib\\stdhooks'
7973 INFO: Processing standard module hook 'hook-anyio.py' from 'E:\\esp32\\chip-nest\\backend\\.venv\\Lib\\site-packages\\_pyinstaller_hooks_contrib\\stdhooks'
8642 INFO: Processing standard module hook 'hook-sqlalchemy.py' from 'E:\\esp32\\chip-nest\\backend\\.venv\\Lib\\site-packages\\PyInstaller\\hooks'
9172 INFO: Processing pre-safe-import-module hook 'hook-importlib_metadata.py' from 'E:\\esp32\\chip-nest\\backend\\.venv\\Lib\\site-packages\\PyInstaller\\hooks\\pre_safe_import_module'
9173 INFO: Setuptools: 'importlib_metadata' appears to be a setuptools-vendored copy - creating alias to 'setuptools._vendor.importlib_metadata'!
9178 INFO: Processing standard module hook 'hook-setuptools.py' from 'E:\\esp32\\chip-nest\\backend\\.venv\\Lib\\site-packages\\PyInstaller\\hooks'
9188 INFO: Processing pre-safe-import-module hook 'hook-distutils.py' from 'E:\\esp32\\chip-nest\\backend\\.venv\\Lib\\site-packages\\PyInstaller\\hooks\\pre_safe_import_module'
9212 INFO: Processing pre-safe-import-module hook 'hook-jaraco.py' from 'E:\\esp32\\chip-nest\\backend\\.venv\\Lib\\site-packages\\PyInstaller\\hooks\\pre_safe_import_module'
9212 INFO: Setuptools: 'jaraco' appears to be a full setuptools-vendored copy - creating alias to 'setuptools._vendor.jaraco'!
9220 INFO: Processing pre-safe-import-module hook 'hook-more_itertools.py' from 'E:\\esp32\\chip-nest\\backend\\.venv\\Lib\\site-packages\\PyInstaller\\hooks\\pre_safe_import_module'
9220 INFO: Setuptools: 'more_itertools' appears to be a setuptools-vendored copy - creating alias to 'setuptools._vendor.more_itertools'!
9329 INFO: Processing standard module hook 'hook-_osx_support.py' from 'E:\\esp32\\chip-nest\\backend\\.venv\\Lib\\site-packages\\PyInstaller\\hooks'
9342 INFO: Processing pre-safe-import-module hook 'hook-packaging.py' from 'E:\\esp32\\chip-nest\\backend\\.venv\\Lib\\site-packages\\PyInstaller\\hooks\\pre_safe_import_module'
9570 INFO: Processing standard module hook 'hook-setuptools._vendor.jaraco.text.py' from 'E:\\esp32\\chip-nest\\backend\\.venv\\Lib\\site-packages\\PyInstaller\\hooks'
9571 INFO: Processing pre-safe-import-module hook 'hook-importlib_resources.py' from 'E:\\esp32\\chip-nest\\backend\\.venv\\Lib\\site-packages\\PyInstaller\\hooks\\pre_safe_import_module'
9577 INFO: Processing pre-safe-import-module hook 'hook-backports.py' from 'E:\\esp32\\chip-nest\\backend\\.venv\\Lib\\site-packages\\PyInstaller\\hooks\\pre_safe_import_module'
9577 INFO: Setuptools: 'backports' appears to be a full setuptools-vendored copy - creating alias to 'setuptools._vendor.backports'!
9980 INFO: Processing pre-safe-import-module hook 'hook-tomli.py' from 'E:\\esp32\\chip-nest\\backend\\.venv\\Lib\\site-packages\\PyInstaller\\hooks\\pre_safe_import_module'
9980 INFO: Setuptools: 'tomli' appears to be a setuptools-vendored copy - creating alias to 'setuptools._vendor.tomli'!
10407 INFO: Processing pre-safe-import-module hook 'hook-wheel.py' from 'E:\\esp32\\chip-nest\\backend\\.venv\\Lib\\site-packages\\PyInstaller\\hooks\\pre_safe_import_module'
10408 INFO: Setuptools: 'wheel' appears to be a setuptools-vendored copy - creating alias to 'setuptools._vendor.wheel'!
10457 INFO: Processing standard module hook 'hook-setuptools._vendor.importlib_metadata.py' from 'E:\\esp32\\chip-nest\\backend\\.venv\\Lib\\site-packages\\PyInstaller\\hooks'
10475 INFO: Processing pre-safe-import-module hook 'hook-zipp.py' from 'E:\\esp32\\chip-nest\\backend\\.venv\\Lib\\site-packages\\PyInstaller\\hooks\\pre_safe_import_module'
10475 INFO: Setuptools: 'zipp' appears to be a setuptools-vendored copy - creating alias to 'setuptools._vendor.zipp'!
13566 INFO: Processing standard module hook 'hook-mako.codegen.py' from 'E:\\esp32\\chip-nest\\backend\\.venv\\Lib\\site-packages\\_pyinstaller_hooks_contrib\\stdhooks'
13721 INFO: Processing standard module hook 'hook-pygments.py' from 'E:\\esp32\\chip-nest\\backend\\.venv\\Lib\\site-packages\\PyInstaller\\hooks'
15056 INFO: Processing standard module hook 'hook-zoneinfo.py' from 'E:\\esp32\\chip-nest\\backend\\.venv\\Lib\\site-packages\\_pyinstaller_hooks_contrib\\stdhooks'
16085 INFO: Processing standard module hook 'hook-pydantic.py' from 'E:\\esp32\\chip-nest\\backend\\.venv\\Lib\\site-packages\\_pyinstaller_hooks_contrib\\stdhooks'
18171 INFO: Processing standard module hook 'hook-openpyxl.py' from 'E:\\esp32\\chip-nest\\backend\\.venv\\Lib\\site-packages\\_pyinstaller_hooks_contrib\\stdhooks'
18360 INFO: Processing standard module hook 'hook-xml.etree.cElementTree.py' from 'E:\\esp32\\chip-nest\\backend\\.venv\\Lib\\site-packages\\PyInstaller\\hooks'
18942 INFO: Processing standard module hook 'hook-pypinyin.py' from 'E:\\esp32\\chip-nest\\backend\\.venv\\Lib\\site-packages\\pypinyin\\__pyinstaller'
19042 INFO: Analyzing hidden import 'aiosqlite'
19043 INFO: Processing standard module hook 'hook-sqlite3.py' from 'E:\\esp32\\chip-nest\\backend\\.venv\\Lib\\site-packages\\PyInstaller\\hooks'
19288 INFO: Analyzing hidden import 'uvicorn.__main__'
19288 INFO: Analyzing hidden import 'uvicorn.lifespan'
19288 INFO: Analyzing hidden import 'uvicorn.lifespan.off'
19290 INFO: Analyzing hidden import 'uvicorn.lifespan.on'
19294 INFO: Analyzing hidden import 'uvicorn.loops'
19294 INFO: Analyzing hidden import 'uvicorn.loops.asyncio'
19295 INFO: Analyzing hidden import 'uvicorn.loops.auto'
19297 INFO: Analyzing hidden import 'uvicorn.protocols.http.auto'
19298 INFO: Analyzing hidden import 'uvicorn.protocols.websockets.auto'
19299 INFO: Analyzing hidden import 'uvicorn.workers'
19303 INFO: Analyzing hidden import 'pypinyin.__main__'
19306 INFO: Analyzing hidden import 'pypinyin.__pyinstaller'
19307 INFO: Analyzing hidden import 'pypinyin.__pyinstaller.hook-pypinyin'
19724 INFO: Processing standard module hook 'hook-win32ctypes.core.py' from 'E:\\esp32\\chip-nest\\backend\\.venv\\Lib\\site-packages\\PyInstaller\\hooks'
20424 INFO: Analyzing hidden import 'pypinyin.contrib.mmseg'
20424 INFO: Analyzing hidden import 'pypinyin.tools'
20424 INFO: Analyzing hidden import 'pypinyin.tools.toneconvert'
20427 INFO: Processing module hooks (post-graph stage)...
20903 WARNING: Hidden import "tzdata" not found!
22366 INFO: Processing standard module hook 'hook-sqlalchemy.py' from 'E:\\esp32\\chip-nest\\backend\\.venv\\Lib\\site-packages\\PyInstaller\\hooks'
22642 WARNING: Hidden import "pysqlite2" not found!
22643 WARNING: Hidden import "MySQLdb" not found!
22802 INFO: Performing binary vs. data reclassification (97 entries)
22807 INFO: Looking for ctypes DLLs
22834 WARNING: Ignoring /System/Library/Frameworks/CoreFoundation.framework/CoreFoundation imported from E:\esp32\chip-nest\backend\.venv\Lib\site-packages\serial\tools\list_ports_osx.py - only basenames are supported with ctypes imports!
22835 WARNING: Ignoring /System/Library/Frameworks/IOKit.framework/IOKit imported from E:\esp32\chip-nest\backend\.venv\Lib\site-packages\serial\tools\list_ports_osx.py - only basenames are supported with ctypes imports!
22871 INFO: Analyzing run-time hooks ...
22875 INFO: Including run-time hook 'pyi_rth_inspect.py' from 'E:\\esp32\\chip-nest\\backend\\.venv\\Lib\\site-packages\\PyInstaller\\hooks\\rthooks'
22877 INFO: Including run-time hook 'pyi_rth_pkgutil.py' from 'E:\\esp32\\chip-nest\\backend\\.venv\\Lib\\site-packages\\PyInstaller\\hooks\\rthooks'
22879 INFO: Including run-time hook 'pyi_rth_setuptools.py' from 'E:\\esp32\\chip-nest\\backend\\.venv\\Lib\\site-packages\\PyInstaller\\hooks\\rthooks'
22880 INFO: Including run-time hook 'pyi_rth_multiprocessing.py' from 'E:\\esp32\\chip-nest\\backend\\.venv\\Lib\\site-packages\\PyInstaller\\hooks\\rthooks'
22899 INFO: Creating base_library.zip...
22914 INFO: Looking for dynamic libraries
860 INFO: setup plugin alembic.autogenerate.schemas
860 INFO: setup plugin alembic.autogenerate.tables
860 INFO: setup plugin alembic.autogenerate.types
860 INFO: setup plugin alembic.autogenerate.constraints
860 INFO: setup plugin alembic.autogenerate.defaults
860 INFO: setup plugin alembic.autogenerate.comments
860 INFO: setup plugin alembic.ext.checkconstraint_byname
24080 INFO: Extra DLL search directories (AddDllDirectory): []
24080 INFO: Extra DLL search directories (PATH): []
24295 INFO: Warnings written to E:\esp32\chip-nest\backend\build\chipnest-backend\warn-chipnest-backend.txt
24398 INFO: Graph cross-reference written to E:\esp32\chip-nest\backend\build\chipnest-backend\xref-chipnest-backend.html
24431 INFO: checking PYZ
24431 INFO: Building PYZ because PYZ-00.toc is non existent
24431 INFO: Building PYZ (ZlibArchive) E:\esp32\chip-nest\backend\build\chipnest-backend\PYZ-00.pyz
25179 INFO: Building PYZ (ZlibArchive) E:\esp32\chip-nest\backend\build\chipnest-backend\PYZ-00.pyz completed successfully.
25213 INFO: checking PKG
25213 INFO: Building PKG because PKG-00.toc is non existent
25213 INFO: Building PKG (CArchive) chipnest-backend.pkg
26465 INFO: Building PKG (CArchive) chipnest-backend.pkg completed successfully.
26468 INFO: Bootloader E:\esp32\chip-nest\backend\.venv\Lib\site-packages\PyInstaller\bootloader\Windows-64bit-intel\run.exe
26468 INFO: checking EXE
26468 INFO: Building EXE because EXE-00.toc is non existent
26468 INFO: Building EXE from EXE-00.toc
26468 INFO: Copying bootloader EXE to E:\esp32\chip-nest\backend\dist\chipnest-backend.exe
26474 INFO: Copying icon to EXE
26476 INFO: Copying 0 resources to EXE
26476 INFO: Embedding manifest in EXE
26478 INFO: Appending PKG archive to EXE
26490 INFO: Fixing EXE headers
26619 INFO: Building EXE from EXE-00.toc completed successfully.
26624 INFO: Build complete! The results are available in: E:\esp32\chip-nest\backend\dist
